/central/home/zhaoyi/fms-idealized/exp/test/run
/home/zhaoyi/fms-idealized/idealized
num_segments = 10
*** Running /home/zhaoyi/fms-idealized/exp/test/run/run_test_1x_hpc on hpc-25-09 ***
Thu Oct 18 10:47:24 PDT 2018
MPI Used: /central/slurm/install/current/bin//srun
Using the following sourcecode modifications:
 Makefile is ready.
/central/software/Intel/2018.1/compilers_and_libraries_2018.1.163/linux/bin/intel64/ifort -Duse_libMPI -Duse_netCDF  -convert big_endian -safe_cray_ptr -ftz -i4 -r8 -fpp -O2 -I/home/zhaoyi/fms-idealized/idealized/bin/nc_inc -I/central/software/Intel/2018.1/impi/2018.1.163/intel64/include/ -D__IFC -c -I/home/zhaoyi/fms-idealized/idealized/src/shared/include	/home/zhaoyi/fms-idealized/idealized/src/shared/mpp/mpp_parameter.F90
Using PURE
Converting pointers to allocatable components
/central/software/Intel/2018.1/compilers_and_libraries_2018.1.163/linux/bin/intel64/ifort -Duse_libMPI -Duse_netCDF  -convert big_endian -safe_cray_ptr -ftz -i4 -r8 -fpp -O2 -I/home/zhaoyi/fms-idealized/idealized/bin/nc_inc -I/central/software/Intel/2018.1/impi/2018.1.163/intel64/include/ -D__IFC -c -I/home/zhaoyi/fms-idealized/idealized/src/shared/include -I/home/zhaoyi/fms-idealized/idealized/src/shared/mpp/include	/home/zhaoyi/fms-idealized/idealized/src/shared/mpp/mpp_data.F90
Using PURE
Converting pointers to allocatable components
/central/software/Intel/2018.1/compilers_and_libraries_2018.1.163/linux/bin/intel64/ifort -Duse_libMPI -Duse_netCDF  -convert big_endian -safe_cray_ptr -ftz -i4 -r8 -fpp -O2 -I/home/zhaoyi/fms-idealized/idealized/bin/nc_inc -I/central/software/Intel/2018.1/impi/2018.1.163/intel64/include/ -D__IFC -c -I/home/zhaoyi/fms-idealized/idealized/src/shared/include -I/home/zhaoyi/fms-idealized/idealized/src/shared/mpp/include	/home/zhaoyi/fms-idealized/idealized/src/shared/mpp/mpp.F90
Using PURE
Converting pointers to allocatable components
/central/software/Intel/2018.1/compilers_and_libraries_2018.1.163/linux/bin/intel64/ifort -Duse_libMPI -Duse_netCDF  -convert big_endian -safe_cray_ptr -ftz -i4 -r8 -fpp -O2 -I/home/zhaoyi/fms-idealized/idealized/bin/nc_inc -I/central/software/Intel/2018.1/impi/2018.1.163/intel64/include/ -D__IFC -c -I/home/zhaoyi/fms-idealized/idealized/src/shared/include	/home/zhaoyi/fms-idealized/idealized/src/shared/mpp/mpp_pset.F90
Using PURE
Converting pointers to allocatable components
/central/software/Intel/2018.1/compilers_and_libraries_2018.1.163/linux/bin/intel64/ifort -Duse_libMPI -Duse_netCDF  -convert big_endian -safe_cray_ptr -ftz -i4 -r8 -fpp -O2 -I/home/zhaoyi/fms-idealized/idealized/bin/nc_inc -I/central/software/Intel/2018.1/impi/2018.1.163/intel64/include/ -D__IFC -c -I/home/zhaoyi/fms-idealized/idealized/src/shared/include -I/home/zhaoyi/fms-idealized/idealized/src/shared/mpp/include	/home/zhaoyi/fms-idealized/idealized/src/shared/mpp/mpp_domains.F90
Using PURE
Converting pointers to allocatable components
/central/software/Intel/2018.1/compilers_and_libraries_2018.1.163/linux/bin/intel64/ifort -Duse_libMPI -Duse_netCDF  -convert big_endian -safe_cray_ptr -ftz -i4 -r8 -fpp -O2 -I/home/zhaoyi/fms-idealized/idealized/bin/nc_inc -I/central/software/Intel/2018.1/impi/2018.1.163/intel64/include/ -D__IFC -c -I/home/zhaoyi/fms-idealized/idealized/src/shared/include -I/home/zhaoyi/fms-idealized/idealized/src/shared/mpp/include	/home/zhaoyi/fms-idealized/idealized/src/shared/mpp/mpp_io.F90
Using PURE
Converting pointers to allocatable components
/central/software/Intel/2018.1/compilers_and_libraries_2018.1.163/linux/bin/intel64/ifort -Duse_libMPI -Duse_netCDF  -convert big_endian -safe_cray_ptr -ftz -i4 -r8 -fpp -O2 -I/home/zhaoyi/fms-idealized/idealized/bin/nc_inc -I/central/software/Intel/2018.1/impi/2018.1.163/intel64/include/ -D__IFC -c -I/home/zhaoyi/fms-idealized/idealized/src/shared/include	/home/zhaoyi/fms-idealized/idealized/src/shared/platform/platform.F90
Using PURE
Converting pointers to allocatable components
/central/software/Intel/2018.1/compilers_and_libraries_2018.1.163/linux/bin/intel64/ifort -Duse_libMPI -Duse_netCDF  -convert big_endian -safe_cray_ptr -ftz -i4 -r8 -fpp -O2 -I/home/zhaoyi/fms-idealized/idealized/bin/nc_inc -I/central/software/Intel/2018.1/impi/2018.1.163/intel64/include/ -D__IFC -c -I/home/zhaoyi/fms-idealized/idealized/src/shared/include -I/home/zhaoyi/fms-idealized/idealized/src/shared/fms	/home/zhaoyi/fms-idealized/idealized/src/shared/fms/fms_io.F90
Using PURE
Converting pointers to allocatable components
/central/software/Intel/2018.1/compilers_and_libraries_2018.1.163/linux/bin/intel64/ifort -Duse_libMPI -Duse_netCDF  -convert big_endian -safe_cray_ptr -ftz -i4 -r8 -fpp -O2 -I/home/zhaoyi/fms-idealized/idealized/bin/nc_inc -I/central/software/Intel/2018.1/impi/2018.1.163/intel64/include/ -D__IFC -c	/home/zhaoyi/fms-idealized/idealized/src/shared/memutils/memutils.F90
/central/software/Intel/2018.1/compilers_and_libraries_2018.1.163/linux/bin/intel64/ifort -convert big_endian -safe_cray_ptr -ftz -i4 -r8 -fpp -O2 -I/home/zhaoyi/fms-idealized/idealized/bin/nc_inc -I/central/software/Intel/2018.1/impi/2018.1.163/intel64/include/ -D__IFC -c	/home/zhaoyi/fms-idealized/idealized/src/shared/constants/constants.f90
/central/software/Intel/2018.1/compilers_and_libraries_2018.1.163/linux/bin/intel64/ifort -convert big_endian -safe_cray_ptr -ftz -i4 -r8 -fpp -O2 -I/home/zhaoyi/fms-idealized/idealized/bin/nc_inc -I/central/software/Intel/2018.1/impi/2018.1.163/intel64/include/ -D__IFC -c	/home/zhaoyi/fms-idealized/idealized/src/shared/fms/fms.f90
/central/software/Intel/2018.1/compilers_and_libraries_2018.1.163/linux/bin/intel64/ifort -Duse_libMPI -Duse_netCDF  -convert big_endian -safe_cray_ptr -ftz -i4 -r8 -fpp -O2 -I/home/zhaoyi/fms-idealized/idealized/bin/nc_inc -I/central/software/Intel/2018.1/impi/2018.1.163/intel64/include/ -D__IFC -c	/home/zhaoyi/fms-idealized/idealized/src/shared/time_manager/time_manager.F90
/central/software/Intel/2018.1/compilers_and_libraries_2018.1.163/linux/bin/intel64/ifort -Duse_libMPI -Duse_netCDF  -convert big_endian -safe_cray_ptr -ftz -i4 -r8 -fpp -O2 -I/home/zhaoyi/fms-idealized/idealized/bin/nc_inc -I/central/software/Intel/2018.1/impi/2018.1.163/intel64/include/ -D__IFC -c -I/home/zhaoyi/fms-idealized/idealized/src/shared/field_manager	/home/zhaoyi/fms-idealized/idealized/src/shared/field_manager/field_manager.F90
/central/software/Intel/2018.1/compilers_and_libraries_2018.1.163/linux/bin/intel64/ifort -Duse_libMPI -Duse_netCDF  -convert big_endian -safe_cray_ptr -ftz -i4 -r8 -fpp -O2 -I/home/zhaoyi/fms-idealized/idealized/bin/nc_inc -I/central/software/Intel/2018.1/impi/2018.1.163/intel64/include/ -D__IFC -c	/home/zhaoyi/fms-idealized/idealized/src/shared/diag_manager/diag_data.F90
/central/software/Intel/2018.1/compilers_and_libraries_2018.1.163/linux/bin/intel64/ifort -convert big_endian -safe_cray_ptr -ftz -i4 -r8 -fpp -O2 -I/home/zhaoyi/fms-idealized/idealized/bin/nc_inc -I/central/software/Intel/2018.1/impi/2018.1.163/intel64/include/ -D__IFC -c	/home/zhaoyi/fms-idealized/idealized/src/shared/diag_manager/diag_axis.f90
/central/software/Intel/2018.1/compilers_and_libraries_2018.1.163/linux/bin/intel64/ifort -convert big_endian -safe_cray_ptr -ftz -i4 -r8 -fpp -O2 -I/home/zhaoyi/fms-idealized/idealized/bin/nc_inc -I/central/software/Intel/2018.1/impi/2018.1.163/intel64/include/ -D__IFC -c	/home/zhaoyi/fms-idealized/idealized/src/shared/diag_manager/diag_output.f90
/central/software/Intel/2018.1/compilers_and_libraries_2018.1.163/linux/bin/intel64/ifort -Duse_libMPI -Duse_netCDF  -convert big_endian -safe_cray_ptr -ftz -i4 -r8 -fpp -O2 -I/home/zhaoyi/fms-idealized/idealized/bin/nc_inc -I/central/software/Intel/2018.1/impi/2018.1.163/intel64/include/ -D__IFC -c	/home/zhaoyi/fms-idealized/idealized/src/shared/diag_manager/diag_util.F90
/central/software/Intel/2018.1/compilers_and_libraries_2018.1.163/linux/bin/intel64/ifort -convert big_endian -safe_cray_ptr -ftz -i4 -r8 -fpp -O2 -I/home/zhaoyi/fms-idealized/idealized/bin/nc_inc -I/central/software/Intel/2018.1/impi/2018.1.163/intel64/include/ -D__IFC -c	/home/zhaoyi/fms-idealized/idealized/src/shared/diag_manager/diag_manager.f90
/central/software/Intel/2018.1/compilers_and_libraries_2018.1.163/linux/bin/intel64/ifort -Duse_libMPI -Duse_netCDF  -convert big_endian -safe_cray_ptr -ftz -i4 -r8 -fpp -O2 -I/home/zhaoyi/fms-idealized/idealized/bin/nc_inc -I/central/software/Intel/2018.1/impi/2018.1.163/intel64/include/ -D__IFC -c	/home/zhaoyi/fms-idealized/idealized/src/shared/tracer_manager/tracer_manager.F90
/central/software/Intel/2018.1/compilers_and_libraries_2018.1.163/linux/bin/intel64/ifort -convert big_endian -safe_cray_ptr -ftz -i4 -r8 -fpp -O2 -I/home/zhaoyi/fms-idealized/idealized/bin/nc_inc -I/central/software/Intel/2018.1/impi/2018.1.163/intel64/include/ -D__IFC -c	/home/zhaoyi/fms-idealized/idealized/src/atmos_spectral/tools/spec_mpp.f90
/central/software/Intel/2018.1/compilers_and_libraries_2018.1.163/linux/bin/intel64/ifort -convert big_endian -safe_cray_ptr -ftz -i4 -r8 -fpp -O2 -I/home/zhaoyi/fms-idealized/idealized/bin/nc_inc -I/central/software/Intel/2018.1/impi/2018.1.163/intel64/include/ -D__IFC -c	/home/zhaoyi/fms-idealized/idealized/src/atmos_spectral/tools/spherical.f90
/central/software/Intel/2018.1/compilers_and_libraries_2018.1.163/linux/bin/intel64/ifort -convert big_endian -safe_cray_ptr -ftz -i4 -r8 -fpp -O2 -I/home/zhaoyi/fms-idealized/idealized/bin/nc_inc -I/central/software/Intel/2018.1/impi/2018.1.163/intel64/include/ -D__IFC -c	/home/zhaoyi/fms-idealized/idealized/src/atmos_spectral/tools/gauss_and_legendre.f90
/central/software/Intel/2018.1/compilers_and_libraries_2018.1.163/linux/bin/intel64/ifort -convert big_endian -safe_cray_ptr -ftz -i4 -r8 -fpp -O2 -I/home/zhaoyi/fms-idealized/idealized/bin/nc_inc -I/central/software/Intel/2018.1/impi/2018.1.163/intel64/include/ -D__IFC -c	/home/zhaoyi/fms-idealized/idealized/src/atmos_spectral/tools/spherical_fourier.f90
/central/software/Intel/2018.1/compilers_and_libraries_2018.1.163/linux/bin/intel64/ifort -convert big_endian -safe_cray_ptr -ftz -i4 -r8 -fpp -O2 -I/home/zhaoyi/fms-idealized/idealized/bin/nc_inc -I/central/software/Intel/2018.1/impi/2018.1.163/intel64/include/ -D__IFC -c	/home/zhaoyi/fms-idealized/idealized/src/shared/fft/fft99.f90
/central/software/Intel/2018.1/compilers_and_libraries_2018.1.163/linux/bin/intel64/ifort -Duse_libMPI -Duse_netCDF  -convert big_endian -safe_cray_ptr -ftz -i4 -r8 -fpp -O2 -I/home/zhaoyi/fms-idealized/idealized/bin/nc_inc -I/central/software/Intel/2018.1/impi/2018.1.163/intel64/include/ -D__IFC -c	/home/zhaoyi/fms-idealized/idealized/src/shared/fft/fft.F90
/central/software/Intel/2018.1/compilers_and_libraries_2018.1.163/linux/bin/intel64/ifort -convert big_endian -safe_cray_ptr -ftz -i4 -r8 -fpp -O2 -I/home/zhaoyi/fms-idealized/idealized/bin/nc_inc -I/central/software/Intel/2018.1/impi/2018.1.163/intel64/include/ -D__IFC -c	/home/zhaoyi/fms-idealized/idealized/src/atmos_spectral/tools/grid_fourier.f90
/central/software/Intel/2018.1/compilers_and_libraries_2018.1.163/linux/bin/intel64/ifort -convert big_endian -safe_cray_ptr -ftz -i4 -r8 -fpp -O2 -I/home/zhaoyi/fms-idealized/idealized/bin/nc_inc -I/central/software/Intel/2018.1/impi/2018.1.163/intel64/include/ -D__IFC -c	/home/zhaoyi/fms-idealized/idealized/src/atmos_spectral/tools/transforms.f90
/central/software/Intel/2018.1/compilers_and_libraries_2018.1.163/linux/bin/intel64/ifort -convert big_endian -safe_cray_ptr -ftz -i4 -r8 -fpp -O2 -I/home/zhaoyi/fms-idealized/idealized/bin/nc_inc -I/central/software/Intel/2018.1/impi/2018.1.163/intel64/include/ -D__IFC -c	/home/zhaoyi/fms-idealized/idealized/src/atmos_shared/vert_advection/vert_advection.f90
/central/software/Intel/2018.1/compilers_and_libraries_2018.1.163/linux/bin/intel64/ifort -convert big_endian -safe_cray_ptr -ftz -i4 -r8 -fpp -O2 -I/home/zhaoyi/fms-idealized/idealized/bin/nc_inc -I/central/software/Intel/2018.1/impi/2018.1.163/intel64/include/ -D__IFC -c	/home/zhaoyi/fms-idealized/idealized/src/atmos_spectral/model/press_and_geopot.f90
/central/software/Intel/2018.1/compilers_and_libraries_2018.1.163/linux/bin/intel64/ifort -convert big_endian -safe_cray_ptr -ftz -i4 -r8 -fpp -O2 -I/home/zhaoyi/fms-idealized/idealized/bin/nc_inc -I/central/software/Intel/2018.1/impi/2018.1.163/intel64/include/ -D__IFC -c	/home/zhaoyi/fms-idealized/idealized/src/atmos_spectral/model/matrix_invert.f90
/central/software/Intel/2018.1/compilers_and_libraries_2018.1.163/linux/bin/intel64/ifort -convert big_endian -safe_cray_ptr -ftz -i4 -r8 -fpp -O2 -I/home/zhaoyi/fms-idealized/idealized/bin/nc_inc -I/central/software/Intel/2018.1/impi/2018.1.163/intel64/include/ -D__IFC -c	/home/zhaoyi/fms-idealized/idealized/src/atmos_spectral/model/implicit.f90
/central/software/Intel/2018.1/compilers_and_libraries_2018.1.163/linux/bin/intel64/ifort -convert big_endian -safe_cray_ptr -ftz -i4 -r8 -fpp -O2 -I/home/zhaoyi/fms-idealized/idealized/bin/nc_inc -I/central/software/Intel/2018.1/impi/2018.1.163/intel64/include/ -D__IFC -c	/home/zhaoyi/fms-idealized/idealized/src/atmos_spectral/model/spectral_damping.f90
/central/software/Intel/2018.1/compilers_and_libraries_2018.1.163/linux/bin/intel64/ifort -convert big_endian -safe_cray_ptr -ftz -i4 -r8 -fpp -O2 -I/home/zhaoyi/fms-idealized/idealized/bin/nc_inc -I/central/software/Intel/2018.1/impi/2018.1.163/intel64/include/ -D__IFC -c	/home/zhaoyi/fms-idealized/idealized/src/atmos_spectral/model/leapfrog.f90
/central/software/Intel/2018.1/compilers_and_libraries_2018.1.163/linux/bin/intel64/ifort -convert big_endian -safe_cray_ptr -ftz -i4 -r8 -fpp -O2 -I/home/zhaoyi/fms-idealized/idealized/bin/nc_inc -I/central/software/Intel/2018.1/impi/2018.1.163/intel64/include/ -D__IFC -c	/home/zhaoyi/fms-idealized/idealized/src/atmos_spectral/model/fv_advection.f90
/central/software/Intel/2018.1/compilers_and_libraries_2018.1.163/linux/bin/intel64/ifort -convert big_endian -safe_cray_ptr -ftz -i4 -r8 -fpp -O2 -I/home/zhaoyi/fms-idealized/idealized/bin/nc_inc -I/central/software/Intel/2018.1/impi/2018.1.163/intel64/include/ -D__IFC -c	/home/zhaoyi/fms-idealized/idealized/src/atmos_spectral/model/water_borrowing.f90
/central/software/Intel/2018.1/compilers_and_libraries_2018.1.163/linux/bin/intel64/ifort -convert big_endian -safe_cray_ptr -ftz -i4 -r8 -fpp -O2 -I/home/zhaoyi/fms-idealized/idealized/bin/nc_inc -I/central/software/Intel/2018.1/impi/2018.1.163/intel64/include/ -D__IFC -c	/home/zhaoyi/fms-idealized/idealized/src/atmos_spectral/model/global_integral.f90
/central/software/Intel/2018.1/compilers_and_libraries_2018.1.163/linux/bin/intel64/ifort -convert big_endian -safe_cray_ptr -ftz -i4 -r8 -fpp -O2 -I/home/zhaoyi/fms-idealized/idealized/bin/nc_inc -I/central/software/Intel/2018.1/impi/2018.1.163/intel64/include/ -D__IFC -c	/home/zhaoyi/fms-idealized/idealized/src/atmos_spectral/init/vert_coordinate.f90
/central/software/Intel/2018.1/compilers_and_libraries_2018.1.163/linux/bin/intel64/ifort -convert big_endian -safe_cray_ptr -ftz -i4 -r8 -fpp -O2 -I/home/zhaoyi/fms-idealized/idealized/bin/nc_inc -I/central/software/Intel/2018.1/impi/2018.1.163/intel64/include/ -D__IFC -c	/home/zhaoyi/fms-idealized/idealized/src/atmos_spectral/init/spectral_initialize_fields.f90
/central/software/Intel/2018.1/compilers_and_libraries_2018.1.163/linux/bin/intel64/ifort -convert big_endian -safe_cray_ptr -ftz -i4 -r8 -fpp -O2 -I/home/zhaoyi/fms-idealized/idealized/bin/nc_inc -I/central/software/Intel/2018.1/impi/2018.1.163/intel64/include/ -D__IFC -c	/home/zhaoyi/fms-idealized/idealized/src/atmos_spectral/init/topog_regularization.f90
/central/software/Intel/2018.1/compilers_and_libraries_2018.1.163/linux/bin/intel64/ifort -convert big_endian -safe_cray_ptr -ftz -i4 -r8 -fpp -O2 -I/home/zhaoyi/fms-idealized/idealized/bin/nc_inc -I/central/software/Intel/2018.1/impi/2018.1.163/intel64/include/ -D__IFC -c	/home/zhaoyi/fms-idealized/idealized/src/shared/topography/gaussian_topog.f90
/central/software/Intel/2018.1/compilers_and_libraries_2018.1.163/linux/bin/intel64/ifort -convert big_endian -safe_cray_ptr -ftz -i4 -r8 -fpp -O2 -I/home/zhaoyi/fms-idealized/idealized/bin/nc_inc -I/central/software/Intel/2018.1/impi/2018.1.163/intel64/include/ -D__IFC -c	/home/zhaoyi/fms-idealized/idealized/src/shared/horiz_interp/horiz_interp.f90
/central/software/Intel/2018.1/compilers_and_libraries_2018.1.163/linux/bin/intel64/ifort -convert big_endian -safe_cray_ptr -ftz -i4 -r8 -fpp -O2 -I/home/zhaoyi/fms-idealized/idealized/bin/nc_inc -I/central/software/Intel/2018.1/impi/2018.1.163/intel64/include/ -D__IFC -c	/home/zhaoyi/fms-idealized/idealized/src/shared/topography/topography.f90
/central/software/Intel/2018.1/compilers_and_libraries_2018.1.163/linux/bin/intel64/ifort -convert big_endian -safe_cray_ptr -ftz -i4 -r8 -fpp -O2 -I/home/zhaoyi/fms-idealized/idealized/bin/nc_inc -I/central/software/Intel/2018.1/impi/2018.1.163/intel64/include/ -D__IFC -c	/home/zhaoyi/fms-idealized/idealized/src/atmos_spectral/init/spectral_init_cond.f90
/central/software/Intel/2018.1/compilers_and_libraries_2018.1.163/linux/bin/intel64/ifort -convert big_endian -safe_cray_ptr -ftz -i4 -r8 -fpp -O2 -I/home/zhaoyi/fms-idealized/idealized/bin/nc_inc -I/central/software/Intel/2018.1/impi/2018.1.163/intel64/include/ -D__IFC -c	/home/zhaoyi/fms-idealized/idealized/src/atmos_spectral/model/tracer_type.f90
/central/software/Intel/2018.1/compilers_and_libraries_2018.1.163/linux/bin/intel64/ifort -convert big_endian -safe_cray_ptr -ftz -i4 -r8 -fpp -O2 -I/home/zhaoyi/fms-idealized/idealized/bin/nc_inc -I/central/software/Intel/2018.1/impi/2018.1.163/intel64/include/ -D__IFC -c	/home/zhaoyi/fms-idealized/idealized/src/atmos_spectral/model/every_step_diagnostics.f90
/central/software/Intel/2018.1/compilers_and_libraries_2018.1.163/linux/bin/intel64/ifort -convert big_endian -safe_cray_ptr -ftz -i4 -r8 -fpp -O2 -I/home/zhaoyi/fms-idealized/idealized/bin/nc_inc -I/central/software/Intel/2018.1/impi/2018.1.163/intel64/include/ -D__IFC -c	/home/zhaoyi/fms-idealized/idealized/src/atmos_spectral/model/spectral_dynamics.f90
/central/software/Intel/2018.1/compilers_and_libraries_2018.1.163/linux/bin/intel64/ifort -convert big_endian -safe_cray_ptr -ftz -i4 -r8 -fpp -O2 -I/home/zhaoyi/fms-idealized/idealized/bin/nc_inc -I/central/software/Intel/2018.1/impi/2018.1.163/intel64/include/ -D__IFC -c	/home/zhaoyi/fms-idealized/idealized/src/atmos_param/tapio_forcing/grid_physics_simple.f90
/central/software/Intel/2018.1/compilers_and_libraries_2018.1.163/linux/bin/intel64/ifort -convert big_endian -safe_cray_ptr -ftz -i4 -r8 -fpp -O2 -I/home/zhaoyi/fms-idealized/idealized/bin/nc_inc -I/central/software/Intel/2018.1/impi/2018.1.163/intel64/include/ -D__IFC -c	/home/zhaoyi/fms-idealized/idealized/src/atmos_param/hs_forcing/hs_forcing.f90
/central/software/Intel/2018.1/compilers_and_libraries_2018.1.163/linux/bin/intel64/ifort -convert big_endian -safe_cray_ptr -ftz -i4 -r8 -fpp -O2 -I/home/zhaoyi/fms-idealized/idealized/bin/nc_inc -I/central/software/Intel/2018.1/impi/2018.1.163/intel64/include/ -D__IFC -c	/home/zhaoyi/fms-idealized/idealized/src/atmos_param/monin_obukhov/monin_obukhov.f90
/central/software/Intel/2018.1/compilers_and_libraries_2018.1.163/linux/bin/intel64/ifort -convert big_endian -safe_cray_ptr -ftz -i4 -r8 -fpp -O2 -I/home/zhaoyi/fms-idealized/idealized/bin/nc_inc -I/central/software/Intel/2018.1/impi/2018.1.163/intel64/include/ -D__IFC -c	/home/zhaoyi/fms-idealized/idealized/src/shared/simple_sat_vapor_pres/simple_sat_vapor_pres.f90
/central/software/Intel/2018.1/compilers_and_libraries_2018.1.163/linux/bin/intel64/ifort -convert big_endian -safe_cray_ptr -ftz -i4 -r8 -fpp -O2 -I/home/zhaoyi/fms-idealized/idealized/bin/nc_inc -I/central/software/Intel/2018.1/impi/2018.1.163/intel64/include/ -D__IFC -c	/home/zhaoyi/fms-idealized/idealized/src/coupler/surface_flux.f90
/central/software/Intel/2018.1/compilers_and_libraries_2018.1.163/linux/bin/intel64/ifort -convert big_endian -safe_cray_ptr -ftz -i4 -r8 -fpp -O2 -I/home/zhaoyi/fms-idealized/idealized/bin/nc_inc -I/central/software/Intel/2018.1/impi/2018.1.163/intel64/include/ -D__IFC -c	/home/zhaoyi/fms-idealized/idealized/src/shared/tridiagonal/tridiagonal.f90
/central/software/Intel/2018.1/compilers_and_libraries_2018.1.163/linux/bin/intel64/ifort -convert big_endian -safe_cray_ptr -ftz -i4 -r8 -fpp -O2 -I/home/zhaoyi/fms-idealized/idealized/bin/nc_inc -I/central/software/Intel/2018.1/impi/2018.1.163/intel64/include/ -D__IFC -c	/home/zhaoyi/fms-idealized/idealized/src/atmos_param/my25_turb/my25_turb.f90
/central/software/Intel/2018.1/compilers_and_libraries_2018.1.163/linux/bin/intel64/ifort -convert big_endian -safe_cray_ptr -ftz -i4 -r8 -fpp -O2 -I/home/zhaoyi/fms-idealized/idealized/bin/nc_inc -I/central/software/Intel/2018.1/impi/2018.1.163/intel64/include/ -D__IFC -c	/home/zhaoyi/fms-idealized/idealized/src/atmos_param/diffusivity/diffusivity.f90
/central/software/Intel/2018.1/compilers_and_libraries_2018.1.163/linux/bin/intel64/ifort -convert big_endian -safe_cray_ptr -ftz -i4 -r8 -fpp -O2 -I/home/zhaoyi/fms-idealized/idealized/bin/nc_inc -I/central/software/Intel/2018.1/impi/2018.1.163/intel64/include/ -D__IFC -c	/home/zhaoyi/fms-idealized/idealized/src/atmos_param/shallow_conv/shallow_conv.f90
/central/software/Intel/2018.1/compilers_and_libraries_2018.1.163/linux/bin/intel64/ifort -convert big_endian -safe_cray_ptr -ftz -i4 -r8 -fpp -O2 -I/home/zhaoyi/fms-idealized/idealized/bin/nc_inc -I/central/software/Intel/2018.1/impi/2018.1.163/intel64/include/ -D__IFC -c	/home/zhaoyi/fms-idealized/idealized/src/atmos_param/vert_turb_driver/vert_turb_driver.f90
/central/software/Intel/2018.1/compilers_and_libraries_2018.1.163/linux/bin/intel64/ifort -convert big_endian -safe_cray_ptr -ftz -i4 -r8 -fpp -O2 -I/home/zhaoyi/fms-idealized/idealized/bin/nc_inc -I/central/software/Intel/2018.1/impi/2018.1.163/intel64/include/ -D__IFC -c	/home/zhaoyi/fms-idealized/idealized/src/atmos_param/vert_diff/vert_diff.f90
/central/software/Intel/2018.1/compilers_and_libraries_2018.1.163/linux/bin/intel64/ifort -convert big_endian -safe_cray_ptr -ftz -i4 -r8 -fpp -O2 -I/home/zhaoyi/fms-idealized/idealized/bin/nc_inc -I/central/software/Intel/2018.1/impi/2018.1.163/intel64/include/ -D__IFC -c	/home/zhaoyi/fms-idealized/idealized/src/atmos_param/two_stream/radiation.f90
/central/software/Intel/2018.1/compilers_and_libraries_2018.1.163/linux/bin/intel64/ifort -convert big_endian -safe_cray_ptr -ftz -i4 -r8 -fpp -O2 -I/home/zhaoyi/fms-idealized/idealized/bin/nc_inc -I/central/software/Intel/2018.1/impi/2018.1.163/intel64/include/ -D__IFC -c	/home/zhaoyi/fms-idealized/idealized/src/atmos_param/dry_convection/dry_convection.f90
/central/software/Intel/2018.1/compilers_and_libraries_2018.1.163/linux/bin/intel64/ifort -convert big_endian -safe_cray_ptr -ftz -i4 -r8 -fpp -O2 -I/home/zhaoyi/fms-idealized/idealized/bin/nc_inc -I/central/software/Intel/2018.1/impi/2018.1.163/intel64/include/ -D__IFC -c	/home/zhaoyi/fms-idealized/idealized/src/coupler/mixed_layer.f90
/central/software/Intel/2018.1/compilers_and_libraries_2018.1.163/linux/bin/intel64/ifort -convert big_endian -safe_cray_ptr -ftz -i4 -r8 -fpp -O2 -I/home/zhaoyi/fms-idealized/idealized/bin/nc_inc -I/central/software/Intel/2018.1/impi/2018.1.163/intel64/include/ -D__IFC -c	/home/zhaoyi/fms-idealized/idealized/src/atmos_param/lscale_cond/lscale_cond.f90
/central/software/Intel/2018.1/compilers_and_libraries_2018.1.163/linux/bin/intel64/ifort -convert big_endian -safe_cray_ptr -ftz -i4 -r8 -fpp -O2 -I/home/zhaoyi/fms-idealized/idealized/bin/nc_inc -I/central/software/Intel/2018.1/impi/2018.1.163/intel64/include/ -D__IFC -c	/home/zhaoyi/fms-idealized/idealized/src/atmos_param/qe_moist_convection/qe_moist_convection.f90
/central/software/Intel/2018.1/compilers_and_libraries_2018.1.163/linux/bin/intel64/ifort -convert big_endian -safe_cray_ptr -ftz -i4 -r8 -fpp -O2 -I/home/zhaoyi/fms-idealized/idealized/bin/nc_inc -I/central/software/Intel/2018.1/impi/2018.1.163/intel64/include/ -D__IFC -c	/home/zhaoyi/fms-idealized/idealized/src/atmos_spectral/driver/solo/atmosphere.f90
icc -Duse_libMPI -Duse_netCDF  -I/home/zhaoyi/fms-idealized/idealized/bin/nc_inc -I/central/software/Intel/2018.1/impi/2018.1.163/intel64/include/ -D__IFC  -c	/home/zhaoyi/fms-idealized/idealized/src/shared/memutils/memuse.c
icc -Duse_libMPI -Duse_netCDF  -I/home/zhaoyi/fms-idealized/idealized/bin/nc_inc -I/central/software/Intel/2018.1/impi/2018.1.163/intel64/include/ -D__IFC  -c	/home/zhaoyi/fms-idealized/idealized/src/shared/mpp/threadloc.c
/central/software/Intel/2018.1/compilers_and_libraries_2018.1.163/linux/bin/intel64/ifort -convert big_endian -safe_cray_ptr -ftz -i4 -r8 -fpp -O2 -I/home/zhaoyi/fms-idealized/idealized/bin/nc_inc -I/central/software/Intel/2018.1/impi/2018.1.163/intel64/include/ -D__IFC -c	/home/zhaoyi/fms-idealized/idealized/src/atmos_solo/atmos_model.f90
/central/software/Intel/2018.1/compilers_and_libraries_2018.1.163/linux/bin/intel64/ifort -convert big_endian -safe_cray_ptr -ftz -i4 -r8 -fpp -O2 -I/home/zhaoyi/fms-idealized/idealized/bin/nc_inc -I/central/software/Intel/2018.1/impi/2018.1.163/intel64/include/ -D__IFC -c	/home/zhaoyi/fms-idealized/idealized/src/shared/time_manager/get_cal_time.f90
icc -Duse_libMPI -Duse_netCDF  -I/home/zhaoyi/fms-idealized/idealized/bin/nc_inc -I/central/software/Intel/2018.1/impi/2018.1.163/intel64/include/ -D__IFC  -c	/home/zhaoyi/fms-idealized/idealized/src/shared/mpp/nsclock.c
/central/software/Intel/2018.1/compilers_and_libraries_2018.1.163/linux/bin/intel64/ifort spectral_dynamics.o mpp_data.o atmosphere.o fms_io.o every_step_diagnostics.o tracer_manager.o diag_util.o simple_sat_vapor_pres.o memuse.o memutils.o threadloc.o gaussian_topog.o vert_diff.o diag_axis.o implicit.o diag_manager.o qe_moist_convection.o transforms.o vert_coordinate.o spherical.o mpp_pset.o fms.o diag_output.o mpp_parameter.o surface_flux.o platform.o fv_advection.o mpp_domains.o diffusivity.o time_manager.o spherical_fourier.o vert_advection.o tridiagonal.o atmos_model.o mpp_io.o topography.o spectral_damping.o monin_obukhov.o horiz_interp.o spectral_initialize_fields.o fft.o diag_data.o matrix_invert.o radiation.o hs_forcing.o get_cal_time.o my25_turb.o constants.o tracer_type.o spec_mpp.o shallow_conv.o grid_fourier.o field_manager.o lscale_cond.o vert_turb_driver.o dry_convection.o gauss_and_legendre.o nsclock.o leapfrog.o grid_physics_simple.o global_integral.o topog_regularization.o mpp.o press_and_geopot.o fft99.o mixed_layer.o water_borrowing.o spectral_init_cond.o -o fms.x -L/home/zhaoyi/fms-idealized/idealized/bin/nc_lib -lnetcdf -L/central/software/Intel/2018.1/impi/2018.1.163/intel64/lib/ -lmpi -lmpigf -lmpigi -lpthread -lrt
NOTE from PE    0: MPP_DOMAINS_SET_STACK_SIZE: stack size set to    32768.
NOTE from PE    0: MPP_IO_SET_STACK_SIZE: stack size set to   131072.
NOTE from PE    0: MPP_DOMAINS_SET_STACK_SIZE: stack size set to   600000.

WARNING from PE    0: Namelist mix_snapshot_average_fields = true will cause ERROR in time coordinates of all time_averaged fields. Strongly recommend mix_snapshot_average_fields = false

  
ATMOS MODEL DOMAIN DECOMPOSITION
  X-AXIS =  128
  Y-AXIS =    8   8   8   8   8   8   8   8
mean surface pressure=1000.0000 mb

WARNING from PE    0: register_static_field: module/field dynamics/pk is STATIC, can NOT time ops


WARNING from PE    0: register_static_field: module/field dynamics/bk is STATIC, can NOT time ops


WARNING from PE    0: register_static_field: module/field dynamics/zsurf is STATIC, can NOT time ops


WARNING from PE    0: mixed_layer: mixed_layer restart file not found

 INSOLATION: running in perpetual equinox
 Integration completed through     1 days     0 seconds
 Integration completed through     2 days     0 seconds
 Integration completed through     3 days     0 seconds
 Integration completed through     4 days     0 seconds
 Integration completed through     5 days     0 seconds
 Integration completed through     6 days     0 seconds
 Integration completed through     7 days     0 seconds
 Integration completed through     8 days     0 seconds
 Integration completed through     9 days     0 seconds
 Integration completed through    10 days     0 seconds
NOTE from PE    0: MPP_IO_SET_STACK_SIZE: stack size set to   163840.
 MPP_DOMAINS_STACK high water mark=       23220

Tabulating mpp_clock statistics across    8 PEs...

                                          tmin          tmax          tavg          tstd  tfrac grain pemin pemax
Total runtime                        26.315019     26.315021     26.315020      0.000001  1.000     0     0     7
 MPP_STACK high water mark=           0
Completed run 1 of 1 in bsub 1.
Submitted batch job 2729432
Note: not resubmitting job.
Thu Oct 18 10:49:50 PDT 2018
