/central/home/zhaoyi/fms-idealized/exp/test/run
/home/zhaoyi/fms-idealized/idealized
num_segments = 2
*** Running /home/zhaoyi/fms-idealized/exp/test/run/run_test_4x_hpc on hpc-23-24 ***
Thu Oct 18 11:54:19 PDT 2018
MPI Used: /central/slurm/install/current/bin//srun
Using the following sourcecode modifications:
 Makefile is ready.
make: Nothing to be done for `all'.
NOTE from PE    0: MPP_DOMAINS_SET_STACK_SIZE: stack size set to    32768.
NOTE from PE    0: MPP_IO_SET_STACK_SIZE: stack size set to   131072.
NOTE from PE    0: MPP_DOMAINS_SET_STACK_SIZE: stack size set to   600000.

WARNING from PE    0: Namelist mix_snapshot_average_fields = true will cause ERROR in time coordinates of all time_averaged fields. Strongly recommend mix_snapshot_average_fields = false

  
ATMOS MODEL DOMAIN DECOMPOSITION
  X-AXIS =  128
  Y-AXIS =    8   8   8   8   8   8   8   8
mean surface pressure=1000.0000 mb

WARNING from PE    0: mixed_layer: mixed_layer restart file not found

 INSOLATION: running in perpetual equinox
 Integration completed through     1 days     0 seconds
 Integration completed through     2 days     0 seconds
NOTE from PE    0: MPP_IO_SET_STACK_SIZE: stack size set to   163840.
 MPP_DOMAINS_STACK high water mark=       23220

Tabulating mpp_clock statistics across    8 PEs...

                                          tmin          tmax          tavg          tstd  tfrac grain pemin pemax
Total runtime                        12.036629     12.036749     12.036676      0.000046  1.000     0     0     7
 MPP_STACK high water mark=           0
Completed run 1 of 1 in bsub 1.
Submitted batch job 2729448
Note: not resubmitting job.
Thu Oct 18 11:54:32 PDT 2018
